Archive member included to satisfy reference by file (symbol)

/Applications/Ac6/SystemWorkbench.app/Contents/Eclipse/plugins/fr.ac6.mcu.externaltools.arm-none.macos64_1.17.0.201812190825/tools/compiler/bin/../lib/gcc/arm-none-eabi/7.3.1/../../../../arm-none-eabi/lib/thumb/v7-m/libc.a(lib_a-errno.o)
                              src/syscalls.o (__errno)
/Applications/Ac6/SystemWorkbench.app/Contents/Eclipse/plugins/fr.ac6.mcu.externaltools.arm-none.macos64_1.17.0.201812190825/tools/compiler/bin/../lib/gcc/arm-none-eabi/7.3.1/../../../../arm-none-eabi/lib/thumb/v7-m/libc.a(lib_a-exit.o)
                              /Applications/Ac6/SystemWorkbench.app/Contents/Eclipse/plugins/fr.ac6.mcu.externaltools.arm-none.macos64_1.17.0.201812190825/tools/compiler/bin/../lib/gcc/arm-none-eabi/7.3.1/../../../../arm-none-eabi/lib/thumb/v7-m/crt0.o (exit)
/Applications/Ac6/SystemWorkbench.app/Contents/Eclipse/plugins/fr.ac6.mcu.externaltools.arm-none.macos64_1.17.0.201812190825/tools/compiler/bin/../lib/gcc/arm-none-eabi/7.3.1/../../../../arm-none-eabi/lib/thumb/v7-m/libc.a(lib_a-impure.o)
                              /Applications/Ac6/SystemWorkbench.app/Contents/Eclipse/plugins/fr.ac6.mcu.externaltools.arm-none.macos64_1.17.0.201812190825/tools/compiler/bin/../lib/gcc/arm-none-eabi/7.3.1/../../../../arm-none-eabi/lib/thumb/v7-m/libc.a(lib_a-exit.o) (_global_impure_ptr)
/Applications/Ac6/SystemWorkbench.app/Contents/Eclipse/plugins/fr.ac6.mcu.externaltools.arm-none.macos64_1.17.0.201812190825/tools/compiler/bin/../lib/gcc/arm-none-eabi/7.3.1/../../../../arm-none-eabi/lib/thumb/v7-m/libc.a(lib_a-init.o)
                              /Applications/Ac6/SystemWorkbench.app/Contents/Eclipse/plugins/fr.ac6.mcu.externaltools.arm-none.macos64_1.17.0.201812190825/tools/compiler/bin/../lib/gcc/arm-none-eabi/7.3.1/../../../../arm-none-eabi/lib/thumb/v7-m/crt0.o (__libc_init_array)
/Applications/Ac6/SystemWorkbench.app/Contents/Eclipse/plugins/fr.ac6.mcu.externaltools.arm-none.macos64_1.17.0.201812190825/tools/compiler/bin/../lib/gcc/arm-none-eabi/7.3.1/../../../../arm-none-eabi/lib/thumb/v7-m/libc.a(lib_a-memset.o)
                              /Applications/Ac6/SystemWorkbench.app/Contents/Eclipse/plugins/fr.ac6.mcu.externaltools.arm-none.macos64_1.17.0.201812190825/tools/compiler/bin/../lib/gcc/arm-none-eabi/7.3.1/../../../../arm-none-eabi/lib/thumb/v7-m/crt0.o (memset)
/Applications/Ac6/SystemWorkbench.app/Contents/Eclipse/plugins/fr.ac6.mcu.externaltools.arm-none.macos64_1.17.0.201812190825/tools/compiler/bin/../lib/gcc/arm-none-eabi/7.3.1/../../../../arm-none-eabi/lib/thumb/v7-m/libc.a(lib_a-__call_atexit.o)
                              /Applications/Ac6/SystemWorkbench.app/Contents/Eclipse/plugins/fr.ac6.mcu.externaltools.arm-none.macos64_1.17.0.201812190825/tools/compiler/bin/../lib/gcc/arm-none-eabi/7.3.1/../../../../arm-none-eabi/lib/thumb/v7-m/libc.a(lib_a-exit.o) (__call_exitprocs)
/Applications/Ac6/SystemWorkbench.app/Contents/Eclipse/plugins/fr.ac6.mcu.externaltools.arm-none.macos64_1.17.0.201812190825/tools/compiler/bin/../lib/gcc/arm-none-eabi/7.3.1/../../../../arm-none-eabi/lib/thumb/v7-m/libc.a(lib_a-atexit.o)
                              /Applications/Ac6/SystemWorkbench.app/Contents/Eclipse/plugins/fr.ac6.mcu.externaltools.arm-none.macos64_1.17.0.201812190825/tools/compiler/bin/../lib/gcc/arm-none-eabi/7.3.1/../../../../arm-none-eabi/lib/thumb/v7-m/libc.a(lib_a-__call_atexit.o) (atexit)
/Applications/Ac6/SystemWorkbench.app/Contents/Eclipse/plugins/fr.ac6.mcu.externaltools.arm-none.macos64_1.17.0.201812190825/tools/compiler/bin/../lib/gcc/arm-none-eabi/7.3.1/../../../../arm-none-eabi/lib/thumb/v7-m/libc.a(lib_a-fini.o)
                              /Applications/Ac6/SystemWorkbench.app/Contents/Eclipse/plugins/fr.ac6.mcu.externaltools.arm-none.macos64_1.17.0.201812190825/tools/compiler/bin/../lib/gcc/arm-none-eabi/7.3.1/../../../../arm-none-eabi/lib/thumb/v7-m/libc.a(lib_a-__call_atexit.o) (__libc_fini_array)
/Applications/Ac6/SystemWorkbench.app/Contents/Eclipse/plugins/fr.ac6.mcu.externaltools.arm-none.macos64_1.17.0.201812190825/tools/compiler/bin/../lib/gcc/arm-none-eabi/7.3.1/../../../../arm-none-eabi/lib/thumb/v7-m/libc.a(lib_a-lock.o)
                              /Applications/Ac6/SystemWorkbench.app/Contents/Eclipse/plugins/fr.ac6.mcu.externaltools.arm-none.macos64_1.17.0.201812190825/tools/compiler/bin/../lib/gcc/arm-none-eabi/7.3.1/../../../../arm-none-eabi/lib/thumb/v7-m/libc.a(lib_a-__call_atexit.o) (__retarget_lock_acquire_recursive)
/Applications/Ac6/SystemWorkbench.app/Contents/Eclipse/plugins/fr.ac6.mcu.externaltools.arm-none.macos64_1.17.0.201812190825/tools/compiler/bin/../lib/gcc/arm-none-eabi/7.3.1/../../../../arm-none-eabi/lib/thumb/v7-m/libc.a(lib_a-__atexit.o)
[...]
Memory Configuration

Name             Origin             Length             Attributes
RAM              0x0000000020000000 0x0000000000005000 xrw
ROM              0x0000000008000000 0x0000000000010000 xr
*default*        0x0000000000000000 0xffffffffffffffff

Linker script and memory map

LOAD /Applications/Ac6/SystemWorkbench.app/Contents/Eclipse/plugins/fr.ac6.mcu.externaltools.arm-none.macos64_1.17.0.201812190825/tools/compiler/bin/../lib/gcc/arm-none-eabi/7.3.1/thumb/v7-m/crti.o
LOAD /Applications/Ac6/SystemWorkbench.app/Contents/Eclipse/plugins/fr.ac6.mcu.externaltools.arm-none.macos64_1.17.0.201812190825/tools/compiler/bin/../lib/gcc/arm-none-eabi/7.3.1/thumb/v7-m/crtbegin.o
LOAD /Applications/Ac6/SystemWorkbench.app/Contents/Eclipse/plugins/fr.ac6.mcu.externaltools.arm-none.macos64_1.17.0.201812190825/tools/compiler/bin/../lib/gcc/arm-none-eabi/7.3.1/../../../../arm-none-eabi/lib/thumb/v7-m/crt0.o
LOAD HAL_Driver/Src/stm32f1xx_hal.o
LOAD HAL_Driver/Src/stm32f1xx_hal_adc.o
LOAD HAL_Driver/Src/stm32f1xx_hal_adc_ex.o
LOAD HAL_Driver/Src/stm32f1xx_hal_cec.o
LOAD HAL_Driver/Src/stm32f1xx_hal_cortex.o
LOAD HAL_Driver/Src/stm32f1xx_hal_crc.o
LOAD HAL_Driver/Src/stm32f1xx_hal_dac.o
LOAD HAL_Driver/Src/stm32f1xx_hal_dac_ex.o
LOAD HAL_Driver/Src/stm32f1xx_hal_dma.o
LOAD HAL_Driver/Src/stm32f1xx_hal_eth.o
LOAD HAL_Driver/Src/stm32f1xx_hal_flash.o
LOAD HAL_Driver/Src/stm32f1xx_hal_flash_ex.o
LOAD HAL_Driver/Src/stm32f1xx_hal_gpio.o
LOAD HAL_Driver/Src/stm32f1xx_hal_gpio_ex.o
LOAD HAL_Driver/Src/stm32f1xx_hal_hcd.o
LOAD HAL_Driver/Src/stm32f1xx_hal_i2c.o
LOAD HAL_Driver/Src/stm32f1xx_hal_i2s.o
LOAD HAL_Driver/Src/stm32f1xx_hal_irda.o
LOAD HAL_Driver/Src/stm32f1xx_hal_iwdg.o
LOAD HAL_Driver/Src/stm32f1xx_hal_mmc.o
LOAD HAL_Driver/Src/stm32f1xx_hal_msp_template.o
LOAD HAL_Driver/Src/stm32f1xx_hal_nand.o
LOAD HAL_Driver/Src/stm32f1xx_hal_nor.o
LOAD HAL_Driver/Src/stm32f1xx_hal_pccard.o
LOAD HAL_Driver/Src/stm32f1xx_hal_pcd.o
LOAD HAL_Driver/Src/stm32f1xx_hal_pcd_ex.o
LOAD HAL_Driver/Src/stm32f1xx_hal_pwr.o
LOAD HAL_Driver/Src/stm32f1xx_hal_rcc.o
LOAD HAL_Driver/Src/stm32f1xx_hal_rcc_ex.o
LOAD HAL_Driver/Src/stm32f1xx_hal_rtc.o
LOAD HAL_Driver/Src/stm32f1xx_hal_rtc_ex.o
LOAD HAL_Driver/Src/stm32f1xx_hal_sd.o
LOAD HAL_Driver/Src/stm32f1xx_hal_smartcard.o
LOAD HAL_Driver/Src/stm32f1xx_hal_spi.o
LOAD HAL_Driver/Src/stm32f1xx_hal_spi_ex.o
LOAD HAL_Driver/Src/stm32f1xx_hal_sram.o
LOAD HAL_Driver/Src/stm32f1xx_hal_tim.o
LOAD HAL_Driver/Src/stm32f1xx_hal_tim_ex.o
LOAD HAL_Driver/Src/stm32f1xx_hal_uart.o
LOAD HAL_Driver/Src/stm32f1xx_hal_usart.o
LOAD HAL_Driver/Src/stm32f1xx_hal_wwdg.o
LOAD HAL_Driver/Src/stm32f1xx_ll_adc.o
LOAD HAL_Driver/Src/stm32f1xx_ll_crc.o
LOAD HAL_Driver/Src/stm32f1xx_ll_dac.o
LOAD HAL_Driver/Src/stm32f1xx_ll_dma.o
LOAD HAL_Driver/Src/stm32f1xx_ll_exti.o
LOAD HAL_Driver/Src/stm32f1xx_ll_fsmc.o
LOAD HAL_Driver/Src/stm32f1xx_ll_gpio.o
LOAD HAL_Driver/Src/stm32f1xx_ll_i2c.o
LOAD HAL_Driver/Src/stm32f1xx_ll_pwr.o
LOAD HAL_Driver/Src/stm32f1xx_ll_rcc.o
LOAD HAL_Driver/Src/stm32f1xx_ll_rtc.o
LOAD HAL_Driver/Src/stm32f1xx_ll_sdmmc.o
LOAD HAL_Driver/Src/stm32f1xx_ll_spi.o
LOAD HAL_Driver/Src/stm32f1xx_ll_tim.o
LOAD HAL_Driver/Src/stm32f1xx_ll_usart.o
LOAD HAL_Driver/Src/stm32f1xx_ll_usb.o
LOAD HAL_Driver/Src/stm32f1xx_ll_utils.o
LOAD src/main.o
LOAD src/pwm.o
LOAD src/rtc.o
LOAD src/stm32f1xx_it.o
LOAD src/syscalls.o
LOAD src/system_stm32f1xx.o
LOAD startup/startup_stm32.o
LOAD /Applications/Ac6/SystemWorkbench.app/Contents/Eclipse/plugins/fr.ac6.mcu.externaltools.arm-none.macos64_1.17.0.201812190825/tools/compiler/bin/../lib/gcc/arm-none-eabi/7.3.1/../../../../arm-none-eabi/lib/thumb/v7-m/libm.a
START GROUP
LOAD /Applications/Ac6/SystemWorkbench.app/Contents/Eclipse/plugins/fr.ac6.mcu.externaltools.arm-none.macos64_1.17.0.201812190825/tools/compiler/bin/../lib/gcc/arm-none-eabi/7.3.1/thumb/v7-m/libgcc.a
LOAD /Applications/Ac6/SystemWorkbench.app/Contents/Eclipse/plugins/fr.ac6.mcu.externaltools.arm-none.macos64_1.17.0.201812190825/tools/compiler/bin/../lib/gcc/arm-none-eabi/7.3.1/../../../../arm-none-eabi/lib/thumb/v7-m/libc.a
END GROUP
LOAD /Applications/Ac6/SystemWorkbench.app/Contents/Eclipse/plugins/fr.ac6.mcu.externaltools.arm-none.macos64_1.17.0.201812190825/tools/compiler/bin/../lib/gcc/arm-none-eabi/7.3.1/thumb/v7-m/crtend.o
LOAD /Applications/Ac6/SystemWorkbench.app/Contents/Eclipse/plugins/fr.ac6.mcu.externaltools.arm-none.macos64_1.17.0.201812190825/tools/compiler/bin/../lib/gcc/arm-none-eabi/7.3.1/thumb/v7-m/crtn.o
                0x0000000020005000                _estack = 0x20005000
                0x0000000000000000                _Min_Heap_Size = 0x0
                0x0000000000000400                _Min_Stack_Size = 0x400

.isr_vector     0x0000000008000000      0x130
                0x0000000008000000                . = ALIGN (0x4)
 *(.isr_vector)
 .isr_vector    0x0000000008000000      0x130 startup/startup_stm32.o
                0x0000000008000000                g_pfnVectors
                0x0000000008000130                . = ALIGN (0x4)

.text           0x0000000008000130     0x3c30
                0x0000000008000130                . = ALIGN (0x4)
 *(.text)
 .text          0x0000000008000130       0x40 /Applications/Ac6/SystemWorkbench.app/Contents/Eclipse/plugins/fr.ac6.mcu.externaltools.arm-none.macos64_1.17.0.201812190825/tools/compiler/bin/../lib/gcc/arm-none-eabi/7.3.1/thumb/v7-m/crtbegin.o
 *(.text*)
 .text.HAL_Init
                0x0000000008000170       0x2c HAL_Driver/Src/stm32f1xx_hal.o
                0x0000000008000170                HAL_Init
 .text.HAL_InitTick
                0x000000000800019c       0x60 HAL_Driver/Src/stm32f1xx_hal.o
                0x000000000800019c                HAL_InitTick
 .text.HAL_IncTick
                0x00000000080001fc       0x24 HAL_Driver/Src/stm32f1xx_hal.o
                0x00000000080001fc                HAL_IncTick
 .text.HAL_GetTick
                0x0000000008000220       0x14 HAL_Driver/Src/stm32f1xx_hal.o
                0x0000000008000220                HAL_GetTick
 .text.HAL_Delay
                0x0000000008000234       0x44 HAL_Driver/Src/stm32f1xx_hal.o
                0x0000000008000234                HAL_Delay
 .text.HAL_SuspendTick
                0x0000000008000278       0x1c HAL_Driver/Src/stm32f1xx_hal.o
                0x0000000008000278                HAL_SuspendTick
 .text.HAL_ResumeTick
                0x0000000008000294       0x1c HAL_Driver/Src/stm32f1xx_hal.o
                0x0000000008000294                HAL_ResumeTick
 .text.HAL_ADC_Init
                0x00000000080002b0      0x1b0 HAL_Driver/Src/stm32f1xx_hal_adc.o
                0x00000000080002b0                HAL_ADC_Init
 .text.HAL_ADC_DeInit
                0x0000000008000460      0x184 HAL_Driver/Src/stm32f1xx_hal_adc.o
                0x0000000008000460                HAL_ADC_DeInit
 .text.HAL_ADC_MspInit
                0x00000000080005e4       0x12 HAL_Driver/Src/stm32f1xx_hal_adc.o
                0x00000000080005e4                HAL_ADC_MspInit
 .text.HAL_ADC_MspDeInit
                0x00000000080005f6       0x12 HAL_Driver/Src/stm32f1xx_hal_adc.o
                0x00000000080005f6                HAL_ADC_MspDeInit
 .text.HAL_ADC_Start
                0x0000000008000608      0x15c HAL_Driver/Src/stm32f1xx_hal_adc.o
                0x0000000008000608                HAL_ADC_Start
 .text.HAL_ADC_PollForConversion
                0x0000000008000764      0x1f4 HAL_Driver/Src/stm32f1xx_hal_adc.o
                0x0000000008000764                HAL_ADC_PollForConversion
 .text.HAL_ADC_GetValue
                0x0000000008000958       0x18 HAL_Driver/Src/stm32f1xx_hal_adc.o
                0x0000000008000958                HAL_ADC_GetValue
 .text.HAL_ADC_ConfigChannel
                0x0000000008000970      0x1f0 HAL_Driver/Src/stm32f1xx_hal_adc.o
                0x0000000008000970                HAL_ADC_ConfigChannel
 .text.ADC_Enable
                0x0000000008000b60       0xa4 HAL_Driver/Src/stm32f1xx_hal_adc.o
                0x0000000008000b60                ADC_Enable
 .text.ADC_ConversionStop_Disable
                0x0000000008000c04       0x74 HAL_Driver/Src/stm32f1xx_hal_adc.o
                0x0000000008000c04                ADC_ConversionStop_Disable
 .text.NVIC_SetPriorityGrouping
                0x0000000008000c78       0x48 HAL_Driver/Src/stm32f1xx_hal_cortex.o
 .text.NVIC_GetPriorityGrouping
                0x0000000008000cc0       0x1c HAL_Driver/Src/stm32f1xx_hal_cortex.o
 .text.NVIC_EnableIRQ
                0x0000000008000cdc       0x30 HAL_Driver/Src/stm32f1xx_hal_cortex.o
 .text.NVIC_ClearPendingIRQ
                0x0000000008000d0c       0x34 HAL_Driver/Src/stm32f1xx_hal_cortex.o
 .text.NVIC_SetPriority
                0x0000000008000d40       0x54 HAL_Driver/Src/stm32f1xx_hal_cortex.o
 .text.NVIC_EncodePriority
                0x0000000008000d94       0x64 HAL_Driver/Src/stm32f1xx_hal_cortex.o
 .text.SysTick_Config
                0x0000000008000df8       0x44 HAL_Driver/Src/stm32f1xx_hal_cortex.o
 .text.HAL_NVIC_SetPriorityGrouping
                0x0000000008000e3c       0x16 HAL_Driver/Src/stm32f1xx_hal_cortex.o
                0x0000000008000e3c                HAL_NVIC_SetPriorityGrouping
 .text.HAL_NVIC_SetPriority
                0x0000000008000e52       0x38 HAL_Driver/Src/stm32f1xx_hal_cortex.o
                0x0000000008000e52                HAL_NVIC_SetPriority
 .text.HAL_NVIC_EnableIRQ
                0x0000000008000e8a       0x1c HAL_Driver/Src/stm32f1xx_hal_cortex.o
                0x0000000008000e8a                HAL_NVIC_EnableIRQ
 .text.HAL_SYSTICK_Config
                0x0000000008000ea6       0x18 HAL_Driver/Src/stm32f1xx_hal_cortex.o
                0x0000000008000ea6                HAL_SYSTICK_Config
 .text.HAL_NVIC_ClearPendingIRQ
                0x0000000008000ebe       0x1c HAL_Driver/Src/stm32f1xx_hal_cortex.o
                0x0000000008000ebe                HAL_NVIC_ClearPendingIRQ
 .text.HAL_SYSTICK_IRQHandler
                0x0000000008000eda        0xc HAL_Driver/Src/stm32f1xx_hal_cortex.o
                0x0000000008000eda                HAL_SYSTICK_IRQHandler
 .text.HAL_SYSTICK_Callback
                0x0000000008000ee6        0xc HAL_Driver/Src/stm32f1xx_hal_cortex.o
                0x0000000008000ee6                HAL_SYSTICK_Callback
 *fill*         0x0000000008000ef2        0x2 
 .text.HAL_GPIO_Init
                0x0000000008000ef4      0x2bc HAL_Driver/Src/stm32f1xx_hal_gpio.o
                0x0000000008000ef4                HAL_GPIO_Init
 .text.HAL_GPIO_ReadPin
                0x00000000080011b0       0x2e HAL_Driver/Src/stm32f1xx_hal_gpio.o
                0x00000000080011b0                HAL_GPIO_ReadPin
 .text.HAL_GPIO_WritePin
                0x00000000080011de       0x30 HAL_Driver/Src/stm32f1xx_hal_gpio.o
                0x00000000080011de                HAL_GPIO_WritePin
 .text.HAL_MspInit
                0x000000000800120e        0xc HAL_Driver/Src/stm32f1xx_hal_msp_template.o
                0x000000000800120e                HAL_MspInit
 .text.PWR_OverloadWfe
                0x000000000800121a       0x10 HAL_Driver/Src/stm32f1xx_hal_pwr.o
 *fill*         0x000000000800122a        0x2 
 .text.HAL_PWR_EnterSTOPMode
                0x000000000800122c       0x64 HAL_Driver/Src/stm32f1xx_hal_pwr.o
                0x000000000800122c                HAL_PWR_EnterSTOPMode
 .text.HAL_RCC_OscConfig
                0x0000000008001290      0x4c8 HAL_Driver/Src/stm32f1xx_hal_rcc.o
                0x0000000008001290                HAL_RCC_OscConfig
 .text.HAL_RCC_ClockConfig
                0x0000000008001758      0x218 HAL_Driver/Src/stm32f1xx_hal_rcc.o
                0x0000000008001758                HAL_RCC_ClockConfig
 .text.HAL_RCC_GetSysClockFreq
                0x0000000008001970       0xc4 HAL_Driver/Src/stm32f1xx_hal_rcc.o
                0x0000000008001970                HAL_RCC_GetSysClockFreq
 .text.HAL_RCC_GetHCLKFreq
                0x0000000008001a34       0x14 HAL_Driver/Src/stm32f1xx_hal_rcc.o
                0x0000000008001a34                HAL_RCC_GetHCLKFreq
 .text.HAL_RCC_GetPCLK2Freq
                0x0000000008001a48       0x28 HAL_Driver/Src/stm32f1xx_hal_rcc.o
                0x0000000008001a48                HAL_RCC_GetPCLK2Freq
 .text.RCC_Delay
                0x0000000008001a70       0x3c HAL_Driver/Src/stm32f1xx_hal_rcc.o
 .text.HAL_RCCEx_PeriphCLKConfig
                0x0000000008001aac      0x16c HAL_Driver/Src/stm32f1xx_hal_rcc_ex.o
                0x0000000008001aac                HAL_RCCEx_PeriphCLKConfig
 .text.HAL_RCCEx_GetPeriphCLKFreq
                0x0000000008001c18      0x180 HAL_Driver/Src/stm32f1xx_hal_rcc_ex.o
                0x0000000008001c18                HAL_RCCEx_GetPeriphCLKFreq
 .text.HAL_RTC_Init
                0x0000000008001d98      0x12c HAL_Driver/Src/stm32f1xx_hal_rtc.o
                0x0000000008001d98                HAL_RTC_Init
 .text.HAL_RTC_MspInit
                0x0000000008001ec4       0x12 HAL_Driver/Src/stm32f1xx_hal_rtc.o
                0x0000000008001ec4                HAL_RTC_MspInit
 .text.HAL_RTC_SetTime
                0x0000000008001ed6      0x12e HAL_Driver/Src/stm32f1xx_hal_rtc.o
                0x0000000008001ed6                HAL_RTC_SetTime
 .text.HAL_RTC_GetTime
                0x0000000008002004      0x1b0 HAL_Driver/Src/stm32f1xx_hal_rtc.o
                0x0000000008002004                HAL_RTC_GetTime
 .text.HAL_RTC_SetDate
                0x00000000080021b4      0x16c HAL_Driver/Src/stm32f1xx_hal_rtc.o
                0x00000000080021b4                HAL_RTC_SetDate
 .text.HAL_RTC_SetAlarm_IT
                0x0000000008002320      0x168 HAL_Driver/Src/stm32f1xx_hal_rtc.o
                0x0000000008002320                HAL_RTC_SetAlarm_IT
 .text.HAL_RTC_AlarmIRQHandler
                0x0000000008002488       0x50 HAL_Driver/Src/stm32f1xx_hal_rtc.o
                0x0000000008002488                HAL_RTC_AlarmIRQHandler
 .text.HAL_RTC_WaitForSynchro
                0x00000000080024d8       0x5a HAL_Driver/Src/stm32f1xx_hal_rtc.o
                0x00000000080024d8                HAL_RTC_WaitForSynchro
 .text.RTC_ReadTimeCounter
                0x0000000008002532       0x60 HAL_Driver/Src/stm32f1xx_hal_rtc.o
 .text.RTC_WriteTimeCounter
                0x0000000008002592       0x4e HAL_Driver/Src/stm32f1xx_hal_rtc.o
 .text.RTC_ReadAlarmCounter
                0x00000000080025e0       0x32 HAL_Driver/Src/stm32f1xx_hal_rtc.o
 .text.RTC_WriteAlarmCounter
                0x0000000008002612       0x4e HAL_Driver/Src/stm32f1xx_hal_rtc.o
 .text.RTC_EnterInitMode
                0x0000000008002660       0x50 HAL_Driver/Src/stm32f1xx_hal_rtc.o
 .text.RTC_ExitInitMode
                0x00000000080026b0       0x50 HAL_Driver/Src/stm32f1xx_hal_rtc.o
 .text.RTC_ByteToBcd2
                0x0000000008002700       0x3a HAL_Driver/Src/stm32f1xx_hal_rtc.o
 .text.RTC_Bcd2ToByte
                0x000000000800273a       0x3a HAL_Driver/Src/stm32f1xx_hal_rtc.o
 .text.RTC_DateUpdate
                0x0000000008002774      0x152 HAL_Driver/Src/stm32f1xx_hal_rtc.o
 *fill*         0x00000000080028c6        0x2 
 .text.RTC_IsLeapYear
                0x00000000080028c8       0x64 HAL_Driver/Src/stm32f1xx_hal_rtc.o
 .text.RTC_WeekDayNum
                0x000000000800292c       0xf0 HAL_Driver/Src/stm32f1xx_hal_rtc.o
 .text.HAL_TIM_Base_Start
                0x0000000008002a1c       0x34 HAL_Driver/Src/stm32f1xx_hal_tim.o
                0x0000000008002a1c                HAL_TIM_Base_Start
 .text.HAL_TIM_PWM_Init
                0x0000000008002a50       0x56 HAL_Driver/Src/stm32f1xx_hal_tim.o
                0x0000000008002a50                HAL_TIM_PWM_Init
 *fill*         0x0000000008002aa6        0x2 
 .text.HAL_TIM_PWM_Start
                0x0000000008002aa8       0x50 HAL_Driver/Src/stm32f1xx_hal_tim.o
                0x0000000008002aa8                HAL_TIM_PWM_Start
 .text.HAL_TIM_PWM_ConfigChannel
                0x0000000008002af8      0x18c HAL_Driver/Src/stm32f1xx_hal_tim.o
                0x0000000008002af8                HAL_TIM_PWM_ConfigChannel
 .text.TIM_Base_SetConfig
                0x0000000008002c84       0xcc HAL_Driver/Src/stm32f1xx_hal_tim.o
                0x0000000008002c84                TIM_Base_SetConfig
 .text.TIM_OC1_SetConfig
                0x0000000008002d50       0xd8 HAL_Driver/Src/stm32f1xx_hal_tim.o
 .text.TIM_OC2_SetConfig
                0x0000000008002e28       0xe0 HAL_Driver/Src/stm32f1xx_hal_tim.o
                0x0000000008002e28                TIM_OC2_SetConfig
 .text.TIM_OC3_SetConfig
                0x0000000008002f08       0xe0 HAL_Driver/Src/stm32f1xx_hal_tim.o
 .text.TIM_OC4_SetConfig
                0x0000000008002fe8       0xa8 HAL_Driver/Src/stm32f1xx_hal_tim.o
 .text.TIM_CCxChannelCmd
                0x0000000008003090       0x44 HAL_Driver/Src/stm32f1xx_hal_tim.o
                0x0000000008003090                TIM_CCxChannelCmd
 .text.HAL_TIMEx_MasterConfigSynchronization
                0x00000000080030d4       0x88 HAL_Driver/Src/stm32f1xx_hal_tim_ex.o
                0x00000000080030d4                HAL_TIMEx_MasterConfigSynchronization
 .text.main     0x000000000800315c      0x13c src/main.o
                0x000000000800315c                main
 .text.initPin  0x0000000008003298       0x32 src/main.o
                0x0000000008003298                initPin
 *fill*         0x00000000080032ca        0x2 
 .text.initAllPins
                0x00000000080032cc      0x10c src/main.o
                0x00000000080032cc                initAllPins
 .text.deepSleep
                0x00000000080033d8      0x17c src/main.o
                0x00000000080033d8                deepSleep
 .text.dispensingProc
                0x0000000008003554       0xb8 src/main.o
                0x0000000008003554                dispensingProc
 .text.MX_ADC1_Init
                0x000000000800360c       0x98 src/main.o
 .text.Error_Handler
                0x00000000080036a4        0xc src/main.o
                0x00000000080036a4                Error_Handler
 .text.setNextAlarm
                0x00000000080036b0       0x9c src/main.o
                0x00000000080036b0                setNextAlarm
 .text.HAL_RTC_AlarmAEventCallback
                0x000000000800374c       0x1c src/main.o
                0x000000000800374c                HAL_RTC_AlarmAEventCallback
 .text.EXTI9_5_IRQHandler
                0x0000000008003768       0x24 src/main.o
                0x0000000008003768                EXTI9_5_IRQHandler
 .text.SystemClock_Config
                0x000000000800378c       0xa6 src/main.o
                0x000000000800378c                SystemClock_Config
 .text.configChannel
                0x0000000008003832       0x40 src/pwm.o
                0x0000000008003832                configChannel
 .text.TIM_Init
                0x0000000008003872       0x7a src/pwm.o
                0x0000000008003872                TIM_Init
 .text.HAL_TIM_PWM_MspInit
                0x00000000080038ec       0x88 src/pwm.o
                0x00000000080038ec                HAL_TIM_PWM_MspInit
 .text.pwm_Init
                0x0000000008003974       0x40 src/pwm.o
                0x0000000008003974                pwm_Init
 .text.RTC_Init
                0x00000000080039b4       0xb0 src/rtc.o
                0x00000000080039b4                RTC_Init
 .text.RTCAlarm_IRQHandler
                0x0000000008003a64       0x14 src/rtc.o
                0x0000000008003a64                RTCAlarm_IRQHandler
 .text.RTC_Error_Handler
                0x0000000008003a78        0xc src/rtc.o
                0x0000000008003a78                RTC_Error_Handler
 .text.SysTick_Handler
                0x0000000008003a84       0x10 src/stm32f1xx_it.o
                0x0000000008003a84                SysTick_Handler
 .text.SystemInit
                0x0000000008003a94       0x68 src/system_stm32f1xx.o
                0x0000000008003a94                SystemInit
 .text.Reset_Handler
                0x0000000008003afc       0x50 startup/startup_stm32.o
                0x0000000008003afc                Reset_Handler
 .text.Default_Handler
                0x0000000008003b4c        0x2 startup/startup_stm32.o
                0x0000000008003b4c                DMA2_Channel3_IRQHandler
                0x0000000008003b4c                TIM8_TRG_COM_IRQHandler
                0x0000000008003b4c                TIM8_CC_IRQHandler
                0x0000000008003b4c                DebugMon_Handler
                0x0000000008003b4c                TIM1_CC_IRQHandler
                0x0000000008003b4c                HardFault_Handler
                0x0000000008003b4c                TIM6_IRQHandler
                0x0000000008003b4c                PVD_IRQHandler
                0x0000000008003b4c                SDIO_IRQHandler
                0x0000000008003b4c                PendSV_Handler
                0x0000000008003b4c                NMI_Handler
                0x0000000008003b4c                EXTI3_IRQHandler
                0x0000000008003b4c                USB_HP_CAN_TX_IRQHandler
                0x0000000008003b4c                EXTI0_IRQHandler
                0x0000000008003b4c                I2C2_EV_IRQHandler
                0x0000000008003b4c                UsageFault_Handler
                0x0000000008003b4c                ADC1_2_IRQHandler
                0x0000000008003b4c                SPI1_IRQHandler
                0x0000000008003b4c                CAN_SCE_IRQHandler
                0x0000000008003b4c                TAMPER_IRQHandler
                0x0000000008003b4c                TIM8_UP_IRQHandler
                0x0000000008003b4c                DMA2_Channel2_IRQHandler
                0x0000000008003b4c                DMA1_Channel4_IRQHandler
                0x0000000008003b4c                USART3_IRQHandler
                0x0000000008003b4c                RTC_IRQHandler
                0x0000000008003b4c                DMA1_Channel7_IRQHandler
                0x0000000008003b4c                UART5_IRQHandler
                0x0000000008003b4c                ADC3_IRQHandler
                0x0000000008003b4c                TIM4_IRQHandler
                0x0000000008003b4c                CAN_RX1_IRQHandler
                0x0000000008003b4c                DMA2_Channel1_IRQHandler
                0x0000000008003b4c                I2C1_EV_IRQHandler
                0x0000000008003b4c                DMA1_Channel6_IRQHandler
                0x0000000008003b4c                UART4_IRQHandler
                0x0000000008003b4c                TIM3_IRQHandler
                0x0000000008003b4c                RCC_IRQHandler
                0x0000000008003b4c                TIM1_TRG_COM_IRQHandler
                0x0000000008003b4c                DMA1_Channel1_IRQHandler
                0x0000000008003b4c                Default_Handler
                0x0000000008003b4c                EXTI15_10_IRQHandler
                0x0000000008003b4c                TIM7_IRQHandler
                0x0000000008003b4c                TIM5_IRQHandler
                0x0000000008003b4c                SPI2_IRQHandler
                0x0000000008003b4c                USB_LP_CAN_RX0_IRQHandler
                0x0000000008003b4c                MemManage_Handler
                0x0000000008003b4c                SVC_Handler
                0x0000000008003b4c                DMA1_Channel5_IRQHandler
                0x0000000008003b4c                EXTI4_IRQHandler
                0x0000000008003b4c                DMA1_Channel3_IRQHandler
                0x0000000008003b4c                FSMC_IRQHandler
                0x0000000008003b4c                TIM1_UP_IRQHandler
                0x0000000008003b4c                WWDG_IRQHandler
                0x0000000008003b4c                TIM2_IRQHandler
                0x0000000008003b4c                TIM1_BRK_IRQHandler
                0x0000000008003b4c                EXTI1_IRQHandler
                0x0000000008003b4c                DMA2_Channel4_5_IRQHandler
                0x0000000008003b4c                USART2_IRQHandler
                0x0000000008003b4c                I2C2_ER_IRQHandler
                0x0000000008003b4c                DMA1_Channel2_IRQHandler
                0x0000000008003b4c                TIM8_BRK_IRQHandler
                0x0000000008003b4c                FLASH_IRQHandler
                0x0000000008003b4c                BusFault_Handler
                0x0000000008003b4c                USART1_IRQHandler
                0x0000000008003b4c                SPI3_IRQHandler
                0x0000000008003b4c                I2C1_ER_IRQHandler
                0x0000000008003b4c                EXTI2_IRQHandler
 *fill*         0x0000000008003b4e        0x2 
 .text.__libc_init_array
                0x0000000008003b50       0x48 /Applications/Ac6/SystemWorkbench.app/Contents/Eclipse/plugins/fr.ac6.mcu.externaltools.arm-none.macos64_1.17.0.201812190825/tools/compiler/bin/../lib/gcc/arm-none-eabi/7.3.1/../../../../arm-none-eabi/lib/thumb/v7-m/libc.a(lib_a-init.o)
                0x0000000008003b50                __libc_init_array
 .text.memset   0x0000000008003b98       0x94 /Applications/Ac6/SystemWorkbench.app/Contents/Eclipse/plugins/fr.ac6.mcu.externaltools.arm-none.macos64_1.17.0.201812190825/tools/compiler/bin/../lib/gcc/arm-none-eabi/7.3.1/../../../../arm-none-eabi/lib/thumb/v7-m/libc.a(lib_a-memset.o)
                0x0000000008003b98                memset
 .text.startup.register_fini
                0x0000000008003c2c       0x14 /Applications/Ac6/SystemWorkbench.app/Contents/Eclipse/plugins/fr.ac6.mcu.externaltools.arm-none.macos64_1.17.0.201812190825/tools/compiler/bin/../lib/gcc/arm-none-eabi/7.3.1/../../../../arm-none-eabi/lib/thumb/v7-m/libc.a(lib_a-__call_atexit.o)
 .text.atexit   0x0000000008003c40        0xc /Applications/Ac6/SystemWorkbench.app/Contents/Eclipse/plugins/fr.ac6.mcu.externaltools.arm-none.macos64_1.17.0.201812190825/tools/compiler/bin/../lib/gcc/arm-none-eabi/7.3.1/../../../../arm-none-eabi/lib/thumb/v7-m/libc.a(lib_a-atexit.o)
                0x0000000008003c40                atexit
 .text.__libc_fini_array
                0x0000000008003c4c       0x34 /Applications/Ac6/SystemWorkbench.app/Contents/Eclipse/plugins/fr.ac6.mcu.externaltools.arm-none.macos64_1.17.0.201812190825/tools/compiler/bin/../lib/gcc/arm-none-eabi/7.3.1/../../../../arm-none-eabi/lib/thumb/v7-m/libc.a(lib_a-fini.o)
                0x0000000008003c4c                __libc_fini_array
 .text.__retarget_lock_acquire_recursive
                0x0000000008003c80        0x4 /Applications/Ac6/SystemWorkbench.app/Contents/Eclipse/plugins/fr.ac6.mcu.externaltools.arm-none.macos64_1.17.0.201812190825/tools/compiler/bin/../lib/gcc/arm-none-eabi/7.3.1/../../../../arm-none-eabi/lib/thumb/v7-m/libc.a(lib_a-lock.o)
                0x0000000008003c80                __retarget_lock_acquire_recursive
 .text.__retarget_lock_release_recursive
                0x0000000008003c84        0x4 /Applications/Ac6/SystemWorkbench.app/Contents/Eclipse/plugins/fr.ac6.mcu.externaltools.arm-none.macos64_1.17.0.201812190825/tools/compiler/bin/../lib/gcc/arm-none-eabi/7.3.1/../../../../arm-none-eabi/lib/thumb/v7-m/libc.a(lib_a-lock.o)
                0x0000000008003c84                __retarget_lock_release_recursive
 .text.__register_exitproc
                0x0000000008003c88       0xc0 /Applications/Ac6/SystemWorkbench.app/Contents/Eclipse/plugins/fr.ac6.mcu.externaltools.arm-none.macos64_1.17.0.201812190825/tools/compiler/bin/../lib/gcc/arm-none-eabi/7.3.1/../../../../arm-none-eabi/lib/thumb/v7-m/libc.a(lib_a-__atexit.o)
                0x0000000008003c88                __register_exitproc
 *(.glue_7)
 .glue_7        0x0000000008003d48        0x0 linker stubs
 *(.glue_7t)
 .glue_7t       0x0000000008003d48        0x0 linker stubs
 *(.eh_frame)
 .eh_frame      0x0000000008003d48        0x0 /Applications/Ac6/SystemWorkbench.app/Contents/Eclipse/plugins/fr.ac6.mcu.externaltools.arm-none.macos64_1.17.0.201812190825/tools/compiler/bin/../lib/gcc/arm-none-eabi/7.3.1/thumb/v7-m/crtbegin.o
 *(.init)
 .init          0x0000000008003d48        0x4 /Applications/Ac6/SystemWorkbench.app/Contents/Eclipse/plugins/fr.ac6.mcu.externaltools.arm-none.macos64_1.17.0.201812190825/tools/compiler/bin/../lib/gcc/arm-none-eabi/7.3.1/thumb/v7-m/crti.o
                0x0000000008003d48                _init
 .init          0x0000000008003d4c        0x8 /Applications/Ac6/SystemWorkbench.app/Contents/Eclipse/plugins/fr.ac6.mcu.externaltools.arm-none.macos64_1.17.0.201812190825/tools/compiler/bin/../lib/gcc/arm-none-eabi/7.3.1/thumb/v7-m/crtn.o
 *(.fini)
 .fini          0x0000000008003d54        0x4 /Applications/Ac6/SystemWorkbench.app/Contents/Eclipse/plugins/fr.ac6.mcu.externaltools.arm-none.macos64_1.17.0.201812190825/tools/compiler/bin/../lib/gcc/arm-none-eabi/7.3.1/thumb/v7-m/crti.o
                0x0000000008003d54                _fini
 .fini          0x0000000008003d58        0x8 /Applications/Ac6/SystemWorkbench.app/Contents/Eclipse/plugins/fr.ac6.mcu.externaltools.arm-none.macos64_1.17.0.201812190825/tools/compiler/bin/../lib/gcc/arm-none-eabi/7.3.1/thumb/v7-m/crtn.o
                0x0000000008003d60                . = ALIGN (0x4)
                0x0000000008003d60                _etext = .

.vfp11_veneer   0x0000000008003d60        0x0
 .vfp11_veneer  0x0000000008003d60        0x0 linker stubs

.v4_bx          0x0000000008003d60        0x0
 .v4_bx         0x0000000008003d60        0x0 linker stubs

.iplt           0x0000000008003d60        0x0
 .iplt          0x0000000008003d60        0x0 /Applications/Ac6/SystemWorkbench.app/Contents/Eclipse/plugins/fr.ac6.mcu.externaltools.arm-none.macos64_1.17.0.201812190825/tools/compiler/bin/../lib/gcc/arm-none-eabi/7.3.1/thumb/v7-m/crtbegin.o

.rodata         0x0000000008003d60       0x44
                0x0000000008003d60                . = ALIGN (0x4)
 *(.rodata)
 .rodata        0x0000000008003d60       0x12 HAL_Driver/Src/stm32f1xx_hal_rcc.o
 *fill*         0x0000000008003d72        0x2 
 .rodata        0x0000000008003d74       0x12 HAL_Driver/Src/stm32f1xx_hal_rcc_ex.o
 *fill*         0x0000000008003d86        0x2 
 .rodata        0x0000000008003d88       0x18 src/system_stm32f1xx.o
                0x0000000008003d88                AHBPrescTable
                0x0000000008003d98                APBPrescTable
 *(.rodata*)
 .rodata._global_impure_ptr
                0x0000000008003da0        0x4 /Applications/Ac6/SystemWorkbench.app/Contents/Eclipse/plugins/fr.ac6.mcu.externaltools.arm-none.macos64_1.17.0.201812190825/tools/compiler/bin/../lib/gcc/arm-none-eabi/7.3.1/../../../../arm-none-eabi/lib/thumb/v7-m/libc.a(lib_a-impure.o)
                0x0000000008003da0                _global_impure_ptr
                0x0000000008003da4                . = ALIGN (0x4)

.rel.dyn        0x0000000008003da4        0x0
 .rel.iplt      0x0000000008003da4        0x0 /Applications/Ac6/SystemWorkbench.app/Contents/Eclipse/plugins/fr.ac6.mcu.externaltools.arm-none.macos64_1.17.0.201812190825/tools/compiler/bin/../lib/gcc/arm-none-eabi/7.3.1/thumb/v7-m/crtbegin.o

.ARM.extab      0x0000000008003da4        0x0
                0x0000000008003da4                . = ALIGN (0x4)
 *(.ARM.extab* .gnu.linkonce.armextab.*)
                0x0000000008003da4                . = ALIGN (0x4)

.ARM            0x0000000008003da4        0x0
                0x0000000008003da4                . = ALIGN (0x4)
                0x0000000008003da4                __exidx_start = .
 *(.ARM.exidx*)
                0x0000000008003da4                __exidx_end = .
                0x0000000008003da4                . = ALIGN (0x4)

.preinit_array  0x0000000008003da4        0x0
                0x0000000008003da4                . = ALIGN (0x4)
                0x0000000008003da4                PROVIDE (__preinit_array_start = .)
 *(.preinit_array*)
                0x0000000008003da4                PROVIDE (__preinit_array_end = .)
                0x0000000008003da4                . = ALIGN (0x4)

.init_array     0x0000000008003da4        0x8
                0x0000000008003da4                . = ALIGN (0x4)
                0x0000000008003da4                PROVIDE (__init_array_start = .)
 *(SORT_BY_NAME(.init_array.*))
 .init_array.00000
                0x0000000008003da4        0x4 /Applications/Ac6/SystemWorkbench.app/Contents/Eclipse/plugins/fr.ac6.mcu.externaltools.arm-none.macos64_1.17.0.201812190825/tools/compiler/bin/../lib/gcc/arm-none-eabi/7.3.1/../../../../arm-none-eabi/lib/thumb/v7-m/libc.a(lib_a-__call_atexit.o)
 *(.init_array*)
 .init_array    0x0000000008003da8        0x4 /Applications/Ac6/SystemWorkbench.app/Contents/Eclipse/plugins/fr.ac6.mcu.externaltools.arm-none.macos64_1.17.0.201812190825/tools/compiler/bin/../lib/gcc/arm-none-eabi/7.3.1/thumb/v7-m/crtbegin.o
                0x0000000008003dac                PROVIDE (__init_array_end = .)
                0x0000000008003dac                . = ALIGN (0x4)

.fini_array     0x0000000008003dac        0x4
                0x0000000008003dac                . = ALIGN (0x4)
                0x0000000008003dac                PROVIDE (__fini_array_start = .)
 *(SORT_BY_NAME(.fini_array.*))
 *(.fini_array*)
 .fini_array    0x0000000008003dac        0x4 /Applications/Ac6/SystemWorkbench.app/Contents/Eclipse/plugins/fr.ac6.mcu.externaltools.arm-none.macos64_1.17.0.201812190825/tools/compiler/bin/../lib/gcc/arm-none-eabi/7.3.1/thumb/v7-m/crtbegin.o
                0x0000000008003db0                PROVIDE (__fini_array_end = .)
                0x0000000008003db0                . = ALIGN (0x4)
                0x0000000008003db0                _sidata = LOADADDR (.data)

.data           0x0000000020000000      0x43c load address 0x0000000008003db0
                0x0000000020000000                . = ALIGN (0x4)
                0x0000000020000000                _sdata = .
 *(.data)
 .data          0x0000000020000000        0x5 HAL_Driver/Src/stm32f1xx_hal.o
                0x0000000020000000                uwTickPrio
                0x0000000020000004                uwTickFreq
 .data          0x0000000020000005        0x1 src/main.o
                0x0000000020000005                state
 *fill*         0x0000000020000006        0x2 
 .data          0x0000000020000008        0x4 src/system_stm32f1xx.o
                0x0000000020000008                SystemCoreClock
 *(.data*)
 *fill*         0x000000002000000c        0x4 
 .data.impure_data
                0x0000000020000010      0x428 /Applications/Ac6/SystemWorkbench.app/Contents/Eclipse/plugins/fr.ac6.mcu.externaltools.arm-none.macos64_1.17.0.201812190825/tools/compiler/bin/../lib/gcc/arm-none-eabi/7.3.1/../../../../arm-none-eabi/lib/thumb/v7-m/libc.a(lib_a-impure.o)
 .data.__atexit_recursive_mutex
                0x0000000020000438        0x4 /Applications/Ac6/SystemWorkbench.app/Contents/Eclipse/plugins/fr.ac6.mcu.externaltools.arm-none.macos64_1.17.0.201812190825/tools/compiler/bin/../lib/gcc/arm-none-eabi/7.3.1/../../../../arm-none-eabi/lib/thumb/v7-m/libc.a(lib_a-__call_atexit.o)
                0x0000000020000438                __atexit_recursive_mutex
                0x000000002000043c                . = ALIGN (0x4)
                0x000000002000043c                _edata = .

.igot.plt       0x000000002000043c        0x0 load address 0x00000000080041ec
 .igot.plt      0x000000002000043c        0x0 /Applications/Ac6/SystemWorkbench.app/Contents/Eclipse/plugins/fr.ac6.mcu.externaltools.arm-none.macos64_1.17.0.201812190825/tools/compiler/bin/../lib/gcc/arm-none-eabi/7.3.1/thumb/v7-m/crtbegin.o
                0x000000002000043c                . = ALIGN (0x4)

.bss            0x000000002000043c      0x10c load address 0x00000000080041ec
                0x000000002000043c                _sbss = .
                0x000000002000043c                __bss_start__ = _sbss
 *(.bss)
 .bss           0x000000002000043c       0x1c /Applications/Ac6/SystemWorkbench.app/Contents/Eclipse/plugins/fr.ac6.mcu.externaltools.arm-none.macos64_1.17.0.201812190825/tools/compiler/bin/../lib/gcc/arm-none-eabi/7.3.1/thumb/v7-m/crtbegin.o
 .bss           0x0000000020000458        0x2 src/main.o
                0x0000000020000458                EventAlarm
                0x0000000020000459                EventPush
 *(.bss*)
 *(COMMON)
 *fill*         0x000000002000045a        0x2 
 COMMON         0x000000002000045c        0x4 HAL_Driver/Src/stm32f1xx_hal.o
                0x000000002000045c                uwTick
 COMMON         0x0000000020000460       0xb0 src/main.o
                0x0000000020000460                _htim
                0x00000000200004a0                hadc1
                0x00000000200004d0                _htim2
 COMMON         0x0000000020000510       0x14 src/rtc.o
                0x0000000020000510                hrtc
 COMMON         0x0000000020000524       0x21 /Applications/Ac6/SystemWorkbench.app/Contents/Eclipse/plugins/fr.ac6.mcu.externaltools.arm-none.macos64_1.17.0.201812190825/tools/compiler/bin/../lib/gcc/arm-none-eabi/7.3.1/../../../../arm-none-eabi/lib/thumb/v7-m/libc.a(lib_a-lock.o)
                0x0000000020000524                __lock___atexit_recursive_mutex
                0x0000000020000528                __lock___arc4random_mutex
                0x000000002000052c                __lock___env_recursive_mutex
                0x0000000020000530                __lock___sinit_recursive_mutex
                0x0000000020000534                __lock___malloc_recursive_mutex
                0x0000000020000538                __lock___at_quick_exit_mutex
                0x000000002000053c                __lock___dd_hash_mutex
                0x0000000020000540                __lock___tz_mutex
                0x0000000020000544                __lock___sfp_recursive_mutex
                0x0000000020000548                . = ALIGN (0x4)
 *fill*         0x0000000020000545        0x3 
                0x0000000020000548                _ebss = .
                0x0000000020000548                __bss_end__ = _ebss

._user_heap_stack
                0x0000000020000548      0x400 load address 0x00000000080041ec
                0x0000000020000548                . = ALIGN (0x8)
                0x0000000020000548                PROVIDE (end = .)
                [!provide]                        PROVIDE (_end = .)
                0x0000000020000548                . = (. + _Min_Heap_Size)
                0x0000000020000948                . = (. + _Min_Stack_Size)
 *fill*         0x0000000020000548      0x400 
                0x0000000020000948                . = ALIGN (0x8)

/DISCARD/
 libc.a(*)
 libm.a(*)
 libgcc.a(*)

.ARM.attributes
                0x0000000000000000       0x29
 *(.ARM.attributes)
 .ARM.attributes
                0x0000000000000000       0x1d /Applications/Ac6/SystemWorkbench.app/Contents/Eclipse/plugins/fr.ac6.mcu.externaltools.arm-none.macos64_1.17.0.201812190825/tools/compiler/bin/../lib/gcc/arm-none-eabi/7.3.1/thumb/v7-m/crti.o
 .ARM.attributes
                0x000000000000001d       0x2d /Applications/Ac6/SystemWorkbench.app/Contents/Eclipse/plugins/fr.ac6.mcu.externaltools.arm-none.macos64_1.17.0.201812190825/tools/compiler/bin/../lib/gcc/arm-none-eabi/7.3.1/thumb/v7-m/crtbegin.o
 .ARM.attributes
                0x000000000000004a       0x33 HAL_Driver/Src/stm32f1xx_hal.o
 .ARM.attributes
                0x000000000000007d       0x33 HAL_Driver/Src/stm32f1xx_hal_adc.o
 .ARM.attributes
                0x00000000000000b0       0x33 HAL_Driver/Src/stm32f1xx_hal_cortex.o
 .ARM.attributes
                0x00000000000000e3       0x33 HAL_Driver/Src/stm32f1xx_hal_gpio.o
 .ARM.attributes
                0x0000000000000116       0x33 HAL_Driver/Src/stm32f1xx_hal_msp_template.o
 .ARM.attributes
                0x0000000000000149       0x33 HAL_Driver/Src/stm32f1xx_hal_pwr.o
 .ARM.attributes
                0x000000000000017c       0x33 HAL_Driver/Src/stm32f1xx_hal_rcc.o
 .ARM.attributes
                0x00000000000001af       0x33 HAL_Driver/Src/stm32f1xx_hal_rcc_ex.o
 .ARM.attributes
                0x00000000000001e2       0x33 HAL_Driver/Src/stm32f1xx_hal_rtc.o
 .ARM.attributes
                0x0000000000000215       0x33 HAL_Driver/Src/stm32f1xx_hal_tim.o
 .ARM.attributes
                0x0000000000000248       0x33 HAL_Driver/Src/stm32f1xx_hal_tim_ex.o
 .ARM.attributes
                0x000000000000027b       0x33 src/main.o
 .ARM.attributes
                0x00000000000002ae       0x33 src/pwm.o
 .ARM.attributes
                0x00000000000002e1       0x33 src/rtc.o
 .ARM.attributes
                0x0000000000000314       0x33 src/stm32f1xx_it.o
 .ARM.attributes
                0x0000000000000347       0x33 src/system_stm32f1xx.o
 .ARM.attributes
                0x000000000000037a       0x21 startup/startup_stm32.o
 .ARM.attributes
                0x000000000000039b       0x2d /Applications/Ac6/SystemWorkbench.app/Contents/Eclipse/plugins/fr.ac6.mcu.externaltools.arm-none.macos64_1.17.0.201812190825/tools/compiler/bin/../lib/gcc/arm-none-eabi/7.3.1/../../../../arm-none-eabi/lib/thumb/v7-m/libc.a(lib_a-impure.o)
 .ARM.attributes
                0x00000000000003c8       0x2d /Applications/Ac6/SystemWorkbench.app/Contents/Eclipse/plugins/fr.ac6.mcu.externaltools.arm-none.macos64_1.17.0.201812190825/tools/compiler/bin/../lib/gcc/arm-none-eabi/7.3.1/../../../../arm-none-eabi/lib/thumb/v7-m/libc.a(lib_a-init.o)
 .ARM.attributes
                0x00000000000003f5       0x2d /Applications/Ac6/SystemWorkbench.app/Contents/Eclipse/plugins/fr.ac6.mcu.externaltools.arm-none.macos64_1.17.0.201812190825/tools/compiler/bin/../lib/gcc/arm-none-eabi/7.3.1/../../../../arm-none-eabi/lib/thumb/v7-m/libc.a(lib_a-memset.o)
 .ARM.attributes
                0x0000000000000422       0x2d /Applications/Ac6/SystemWorkbench.app/Contents/Eclipse/plugins/fr.ac6.mcu.externaltools.arm-none.macos64_1.17.0.201812190825/tools/compiler/bin/../lib/gcc/arm-none-eabi/7.3.1/../../../../arm-none-eabi/lib/thumb/v7-m/libc.a(lib_a-__call_atexit.o)
 .ARM.attributes
                0x000000000000044f       0x2d /Applications/Ac6/SystemWorkbench.app/Contents/Eclipse/plugins/fr.ac6.mcu.externaltools.arm-none.macos64_1.17.0.201812190825/tools/compiler/bin/../lib/gcc/arm-none-eabi/7.3.1/../../../../arm-none-eabi/lib/thumb/v7-m/libc.a(lib_a-atexit.o)
 .ARM.attributes
                0x000000000000047c       0x2d /Applications/Ac6/SystemWorkbench.app/Contents/Eclipse/plugins/fr.ac6.mcu.externaltools.arm-none.macos64_1.17.0.201812190825/tools/compiler/bin/../lib/gcc/arm-none-eabi/7.3.1/../../../../arm-none-eabi/lib/thumb/v7-m/libc.a(lib_a-fini.o)
 .ARM.attributes
                0x00000000000004a9       0x2d /Applications/Ac6/SystemWorkbench.app/Contents/Eclipse/plugins/fr.ac6.mcu.externaltools.arm-none.macos64_1.17.0.201812190825/tools/compiler/bin/../lib/gcc/arm-none-eabi/7.3.1/../../../../arm-none-eabi/lib/thumb/v7-m/libc.a(lib_a-lock.o)
 .ARM.attributes
                0x00000000000004d6       0x2d /Applications/Ac6/SystemWorkbench.app/Contents/Eclipse/plugins/fr.ac6.mcu.externaltools.arm-none.macos64_1.17.0.201812190825/tools/compiler/bin/../lib/gcc/arm-none-eabi/7.3.1/../../../../arm-none-eabi/lib/thumb/v7-m/libc.a(lib_a-__atexit.o)
 .ARM.attributes
                0x0000000000000503       0x1d /Applications/Ac6/SystemWorkbench.app/Contents/Eclipse/plugins/fr.ac6.mcu.externaltools.arm-none.macos64_1.17.0.201812190825/tools/compiler/bin/../lib/gcc/arm-none-eabi/7.3.1/thumb/v7-m/crtn.o
OUTPUT(PillBotDevice.elf elf32-littlearm)

.debug_info     0x0000000000000000    0x121b3
 .debug_info    0x0000000000000000      0xf0a HAL_Driver/Src/stm32f1xx_hal.o
 .debug_info    0x0000000000000f0a     0x1472 HAL_Driver/Src/stm32f1xx_hal_adc.o
 .debug_info    0x000000000000237c     0x1358 HAL_Driver/Src/stm32f1xx_hal_cortex.o
 .debug_info    0x00000000000036d4      0xebd HAL_Driver/Src/stm32f1xx_hal_gpio.o
 .debug_info    0x0000000000004591      0x9c7 HAL_Driver/Src/stm32f1xx_hal_msp_template.o
 .debug_info    0x0000000000004f58      0xf8d HAL_Driver/Src/stm32f1xx_hal_pwr.o
 .debug_info    0x0000000000005ee5     0x1039 HAL_Driver/Src/stm32f1xx_hal_rcc.o
 .debug_info    0x0000000000006f1e      0xc5b HAL_Driver/Src/stm32f1xx_hal_rcc_ex.o
 .debug_info    0x0000000000007b79     0x1543 HAL_Driver/Src/stm32f1xx_hal_rtc.o
 .debug_info    0x00000000000090bc     0x2a25 HAL_Driver/Src/stm32f1xx_hal_tim.o
 .debug_info    0x000000000000bae1     0x17d5 HAL_Driver/Src/stm32f1xx_hal_tim_ex.o
 .debug_info    0x000000000000d2b6     0x19b3 src/main.o
 .debug_info    0x000000000000ec69     0x11d5 src/pwm.o
 .debug_info    0x000000000000fe3e      0xd66 src/rtc.o
 .debug_info    0x0000000000010ba4      0x994 src/stm32f1xx_it.o
 .debug_info    0x0000000000011538      0xc59 src/system_stm32f1xx.o
 .debug_info    0x0000000000012191       0x22 startup/startup_stm32.o

.debug_abbrev   0x0000000000000000     0x2a47
 .debug_abbrev  0x0000000000000000      0x2f5 HAL_Driver/Src/stm32f1xx_hal.o
 .debug_abbrev  0x00000000000002f5      0x26f HAL_Driver/Src/stm32f1xx_hal_adc.o
 .debug_abbrev  0x0000000000000564      0x396 HAL_Driver/Src/stm32f1xx_hal_cortex.o
 .debug_abbrev  0x00000000000008fa      0x289 HAL_Driver/Src/stm32f1xx_hal_gpio.o
 .debug_abbrev  0x0000000000000b83      0x1cb HAL_Driver/Src/stm32f1xx_hal_msp_template.o
 .debug_abbrev  0x0000000000000d4e      0x2e1 HAL_Driver/Src/stm32f1xx_hal_pwr.o
 .debug_abbrev  0x000000000000102f      0x323 HAL_Driver/Src/stm32f1xx_hal_rcc.o
 .debug_abbrev  0x0000000000001352      0x260 HAL_Driver/Src/stm32f1xx_hal_rcc_ex.o
 .debug_abbrev  0x00000000000015b2      0x2e8 HAL_Driver/Src/stm32f1xx_hal_rtc.o
 .debug_abbrev  0x000000000000189a      0x2ea HAL_Driver/Src/stm32f1xx_hal_tim.o
 .debug_abbrev  0x0000000000001b84      0x2c7 HAL_Driver/Src/stm32f1xx_hal_tim_ex.o
 .debug_abbrev  0x0000000000001e4b      0x364 src/main.o
 .debug_abbrev  0x00000000000021af      0x260 src/pwm.o
 .debug_abbrev  0x000000000000240f      0x233 src/rtc.o
 .debug_abbrev  0x0000000000002642      0x1cb src/stm32f1xx_it.o
 .debug_abbrev  0x000000000000280d      0x228 src/system_stm32f1xx.o
 .debug_abbrev  0x0000000000002a35       0x12 startup/startup_stm32.o

.debug_aranges  0x0000000000000000      0xb98
 .debug_aranges
                0x0000000000000000       0xd0 HAL_Driver/Src/stm32f1xx_hal.o
 .debug_aranges
                0x00000000000000d0       0xf0 HAL_Driver/Src/stm32f1xx_hal_adc.o
 .debug_aranges
                0x00000000000001c0      0x100 HAL_Driver/Src/stm32f1xx_hal_cortex.o
 .debug_aranges
                0x00000000000002c0       0x58 HAL_Driver/Src/stm32f1xx_hal_gpio.o
 .debug_aranges
                0x0000000000000318       0x38 HAL_Driver/Src/stm32f1xx_hal_msp_template.o
 .debug_aranges
                0x0000000000000350       0xa8 HAL_Driver/Src/stm32f1xx_hal_pwr.o
 .debug_aranges
                0x00000000000003f8       0x90 HAL_Driver/Src/stm32f1xx_hal_rcc.o
 .debug_aranges
                0x0000000000000488       0x30 HAL_Driver/Src/stm32f1xx_hal_rcc_ex.o
 .debug_aranges
                0x00000000000004b8       0xf8 HAL_Driver/Src/stm32f1xx_hal_rtc.o
 .debug_aranges
                0x00000000000005b0      0x368 HAL_Driver/Src/stm32f1xx_hal_tim.o
 .debug_aranges
                0x0000000000000918      0x138 HAL_Driver/Src/stm32f1xx_hal_tim_ex.o
 .debug_aranges
                0x0000000000000a50       0x70 src/main.o
 .debug_aranges
                0x0000000000000ac0       0x38 src/pwm.o
 .debug_aranges
                0x0000000000000af8       0x30 src/rtc.o
 .debug_aranges
                0x0000000000000b28       0x20 src/stm32f1xx_it.o
 .debug_aranges
                0x0000000000000b48       0x28 src/system_stm32f1xx.o
 .debug_aranges
                0x0000000000000b70       0x28 startup/startup_stm32.o

.debug_ranges   0x0000000000000000      0xa90
 .debug_ranges  0x0000000000000000       0xc0 HAL_Driver/Src/stm32f1xx_hal.o
 .debug_ranges  0x00000000000000c0       0xe0 HAL_Driver/Src/stm32f1xx_hal_adc.o
 .debug_ranges  0x00000000000001a0       0xf0 HAL_Driver/Src/stm32f1xx_hal_cortex.o
 .debug_ranges  0x0000000000000290       0x48 HAL_Driver/Src/stm32f1xx_hal_gpio.o
 .debug_ranges  0x00000000000002d8       0x28 HAL_Driver/Src/stm32f1xx_hal_msp_template.o
 .debug_ranges  0x0000000000000300       0x98 HAL_Driver/Src/stm32f1xx_hal_pwr.o
 .debug_ranges  0x0000000000000398       0x80 HAL_Driver/Src/stm32f1xx_hal_rcc.o
 .debug_ranges  0x0000000000000418       0x20 HAL_Driver/Src/stm32f1xx_hal_rcc_ex.o
 .debug_ranges  0x0000000000000438       0xe8 HAL_Driver/Src/stm32f1xx_hal_rtc.o
 .debug_ranges  0x0000000000000520      0x358 HAL_Driver/Src/stm32f1xx_hal_tim.o
 .debug_ranges  0x0000000000000878      0x128 HAL_Driver/Src/stm32f1xx_hal_tim_ex.o
 .debug_ranges  0x00000000000009a0       0x60 src/main.o
 .debug_ranges  0x0000000000000a00       0x28 src/pwm.o
 .debug_ranges  0x0000000000000a28       0x20 src/rtc.o
 .debug_ranges  0x0000000000000a48       0x10 src/stm32f1xx_it.o
 .debug_ranges  0x0000000000000a58       0x18 src/system_stm32f1xx.o
 .debug_ranges  0x0000000000000a70       0x20 startup/startup_stm32.o

.debug_macro    0x0000000000000000    0x1c3a8
 .debug_macro   0x0000000000000000      0x426 HAL_Driver/Src/stm32f1xx_hal.o
 .debug_macro   0x0000000000000426      0xa6c HAL_Driver/Src/stm32f1xx_hal.o
 .debug_macro   0x0000000000000e92      0x224 HAL_Driver/Src/stm32f1xx_hal.o
 .debug_macro   0x00000000000010b6       0x28 HAL_Driver/Src/stm32f1xx_hal.o
 .debug_macro   0x00000000000010de       0x22 HAL_Driver/Src/stm32f1xx_hal.o
 .debug_macro   0x0000000000001100       0x22 HAL_Driver/Src/stm32f1xx_hal.o
 .debug_macro   0x0000000000001122       0x8e HAL_Driver/Src/stm32f1xx_hal.o
 .debug_macro   0x00000000000011b0       0x51 HAL_Driver/Src/stm32f1xx_hal.o
 .debug_macro   0x0000000000001201       0xef HAL_Driver/Src/stm32f1xx_hal.o
 .debug_macro   0x00000000000012f0       0x6a HAL_Driver/Src/stm32f1xx_hal.o
 .debug_macro   0x000000000000135a      0x1df HAL_Driver/Src/stm32f1xx_hal.o
 .debug_macro   0x0000000000001539       0x34 HAL_Driver/Src/stm32f1xx_hal.o
 .debug_macro   0x000000000000156d       0x34 HAL_Driver/Src/stm32f1xx_hal.o
 .debug_macro   0x00000000000015a1      0xb8e HAL_Driver/Src/stm32f1xx_hal.o
 .debug_macro   0x000000000000212f     0xe911 HAL_Driver/Src/stm32f1xx_hal.o
 .debug_macro   0x0000000000010a40       0x43 HAL_Driver/Src/stm32f1xx_hal.o
 .debug_macro   0x0000000000010a83       0x5e HAL_Driver/Src/stm32f1xx_hal.o
 .debug_macro   0x0000000000010ae1       0x18 HAL_Driver/Src/stm32f1xx_hal.o
 .debug_macro   0x0000000000010af9       0x35 HAL_Driver/Src/stm32f1xx_hal.o
 .debug_macro   0x0000000000010b2e       0x34 HAL_Driver/Src/stm32f1xx_hal.o
 .debug_macro   0x0000000000010b62       0x16 HAL_Driver/Src/stm32f1xx_hal.o
 .debug_macro   0x0000000000010b78       0x97 HAL_Driver/Src/stm32f1xx_hal.o
 .debug_macro   0x0000000000010c0f      0x330 HAL_Driver/Src/stm32f1xx_hal.o
 .debug_macro   0x0000000000010f3f       0xfd HAL_Driver/Src/stm32f1xx_hal.o
 .debug_macro   0x000000000001103c       0x10 HAL_Driver/Src/stm32f1xx_hal.o
 .debug_macro   0x000000000001104c       0x58 HAL_Driver/Src/stm32f1xx_hal.o
 .debug_macro   0x00000000000110a4       0x1f HAL_Driver/Src/stm32f1xx_hal.o
 .debug_macro   0x00000000000110c3       0x43 HAL_Driver/Src/stm32f1xx_hal.o
 .debug_macro   0x0000000000011106       0x20 HAL_Driver/Src/stm32f1xx_hal.o
 .debug_macro   0x0000000000011126      0x18e HAL_Driver/Src/stm32f1xx_hal.o
 .debug_macro   0x00000000000112b4       0x10 HAL_Driver/Src/stm32f1xx_hal.o
 .debug_macro   0x00000000000112c4       0x1c HAL_Driver/Src/stm32f1xx_hal.o
 .debug_macro   0x00000000000112e0       0x52 HAL_Driver/Src/stm32f1xx_hal.o
 .debug_macro   0x0000000000011332       0x40 HAL_Driver/Src/stm32f1xx_hal.o
 .debug_macro   0x0000000000011372       0x10 HAL_Driver/Src/stm32f1xx_hal.o
 .debug_macro   0x0000000000011382       0x40 HAL_Driver/Src/stm32f1xx_hal.o
 .debug_macro   0x00000000000113c2       0xd7 HAL_Driver/Src/stm32f1xx_hal.o
 .debug_macro   0x0000000000011499       0x1c HAL_Driver/Src/stm32f1xx_hal.o
 .debug_macro   0x00000000000114b5       0x3d HAL_Driver/Src/stm32f1xx_hal.o
 .debug_macro   0x00000000000114f2       0x16 HAL_Driver/Src/stm32f1xx_hal.o
 .debug_macro   0x0000000000011508      0x16f HAL_Driver/Src/stm32f1xx_hal.o
 .debug_macro   0x0000000000011677       0x57 HAL_Driver/Src/stm32f1xx_hal.o
 .debug_macro   0x00000000000116ce      0x5c2 HAL_Driver/Src/stm32f1xx_hal.o
 .debug_macro   0x0000000000011c90      0x28a HAL_Driver/Src/stm32f1xx_hal.o
 .debug_macro   0x0000000000011f1a      0x1cb HAL_Driver/Src/stm32f1xx_hal.o
 .debug_macro   0x00000000000120e5      0x11e HAL_Driver/Src/stm32f1xx_hal.o
 .debug_macro   0x0000000000012203      0x1b3 HAL_Driver/Src/stm32f1xx_hal.o
 .debug_macro   0x00000000000123b6       0x27 HAL_Driver/Src/stm32f1xx_hal.o
 .debug_macro   0x00000000000123dd      0x1bc HAL_Driver/Src/stm32f1xx_hal.o
 .debug_macro   0x0000000000012599       0x34 HAL_Driver/Src/stm32f1xx_hal.o
 .debug_macro   0x00000000000125cd       0x3c HAL_Driver/Src/stm32f1xx_hal.o
 .debug_macro   0x0000000000012609      0x408 HAL_Driver/Src/stm32f1xx_hal.o
 .debug_macro   0x0000000000012a11       0x57 HAL_Driver/Src/stm32f1xx_hal.o
 .debug_macro   0x0000000000012a68      0x46a HAL_Driver/Src/stm32f1xx_hal.o
 .debug_macro   0x0000000000012ed2      0x1b5 HAL_Driver/Src/stm32f1xx_hal.o
 .debug_macro   0x0000000000013087       0x22 HAL_Driver/Src/stm32f1xx_hal.o
 .debug_macro   0x00000000000130a9       0x8c HAL_Driver/Src/stm32f1xx_hal.o
 .debug_macro   0x0000000000013135      0x242 HAL_Driver/Src/stm32f1xx_hal.o
 .debug_macro   0x0000000000013377      0x264 HAL_Driver/Src/stm32f1xx_hal.o
 .debug_macro   0x00000000000135db       0x79 HAL_Driver/Src/stm32f1xx_hal.o
 .debug_macro   0x0000000000013654      0x143 HAL_Driver/Src/stm32f1xx_hal.o
 .debug_macro   0x0000000000013797      0x1ef HAL_Driver/Src/stm32f1xx_hal.o
 .debug_macro   0x0000000000013986       0xf2 HAL_Driver/Src/stm32f1xx_hal.o
 .debug_macro   0x0000000000013a78      0x1f4 HAL_Driver/Src/stm32f1xx_hal.o
 .debug_macro   0x0000000000013c6c      0x853 HAL_Driver/Src/stm32f1xx_hal.o
 .debug_macro   0x00000000000144bf       0x1f HAL_Driver/Src/stm32f1xx_hal.o
 .debug_macro   0x00000000000144de      0x26b HAL_Driver/Src/stm32f1xx_hal.o
 .debug_macro   0x0000000000014749      0x217 HAL_Driver/Src/stm32f1xx_hal.o
 .debug_macro   0x0000000000014960      0x1a7 HAL_Driver/Src/stm32f1xx_hal.o
 .debug_macro   0x0000000000014b07      0x2cd HAL_Driver/Src/stm32f1xx_hal.o
 .debug_macro   0x0000000000014dd4       0x89 HAL_Driver/Src/stm32f1xx_hal.o
 .debug_macro   0x0000000000014e5d       0x50 HAL_Driver/Src/stm32f1xx_hal.o
 .debug_macro   0x0000000000014ead      0x26c HAL_Driver/Src/stm32f1xx_hal.o
 .debug_macro   0x0000000000015119       0x83 HAL_Driver/Src/stm32f1xx_hal.o
 .debug_macro   0x000000000001519c      0x41f HAL_Driver/Src/stm32f1xx_hal_adc.o
 .debug_macro   0x00000000000155bb      0x402 HAL_Driver/Src/stm32f1xx_hal_cortex.o
 .debug_macro   0x00000000000159bd      0x472 HAL_Driver/Src/stm32f1xx_hal_gpio.o
 .debug_macro   0x0000000000015e2f      0x402 HAL_Driver/Src/stm32f1xx_hal_msp_template.o
 .debug_macro   0x0000000000016231      0x462 HAL_Driver/Src/stm32f1xx_hal_pwr.o
 .debug_macro   0x0000000000016693      0x414 HAL_Driver/Src/stm32f1xx_hal_rcc.o
 .debug_macro   0x0000000000016aa7      0x402 HAL_Driver/Src/stm32f1xx_hal_rcc_ex.o
 .debug_macro   0x0000000000016ea9      0x411 HAL_Driver/Src/stm32f1xx_hal_rtc.o
 .debug_macro   0x00000000000172ba      0x402 HAL_Driver/Src/stm32f1xx_hal_tim.o
 .debug_macro   0x00000000000176bc      0x402 HAL_Driver/Src/stm32f1xx_hal_tim_ex.o
 .debug_macro   0x0000000000017abe      0x41f src/main.o
 .debug_macro   0x0000000000017edd       0x28 src/main.o
 .debug_macro   0x0000000000017f05      0x415 src/pwm.o
 .debug_macro   0x000000000001831a     0x3478 src/pwm.o
 .debug_macro   0x000000000001b792      0x402 src/rtc.o
 .debug_macro   0x000000000001bb94      0x40c src/stm32f1xx_it.o
 .debug_macro   0x000000000001bfa0      0x408 src/system_stm32f1xx.o

.debug_line     0x0000000000000000     0xcbb4
 .debug_line    0x0000000000000000      0xb99 HAL_Driver/Src/stm32f1xx_hal.o
 .debug_line    0x0000000000000b99      0xf0a HAL_Driver/Src/stm32f1xx_hal_adc.o
 .debug_line    0x0000000000001aa3      0xc87 HAL_Driver/Src/stm32f1xx_hal_cortex.o
 .debug_line    0x000000000000272a      0xbd1 HAL_Driver/Src/stm32f1xx_hal_gpio.o
 .debug_line    0x00000000000032fb      0xa2b HAL_Driver/Src/stm32f1xx_hal_msp_template.o
 .debug_line    0x0000000000003d26      0xb87 HAL_Driver/Src/stm32f1xx_hal_pwr.o
 .debug_line    0x00000000000048ad      0xc83 HAL_Driver/Src/stm32f1xx_hal_rcc.o
 .debug_line    0x0000000000005530      0xa99 HAL_Driver/Src/stm32f1xx_hal_rcc_ex.o
 .debug_line    0x0000000000005fc9      0xe65 HAL_Driver/Src/stm32f1xx_hal_rtc.o
 .debug_line    0x0000000000006e2e     0x1963 HAL_Driver/Src/stm32f1xx_hal_tim.o
 .debug_line    0x0000000000008791      0xf56 HAL_Driver/Src/stm32f1xx_hal_tim_ex.o
 .debug_line    0x00000000000096e7      0xb4d src/main.o
 .debug_line    0x000000000000a234      0xa9f src/pwm.o
 .debug_line    0x000000000000acd3      0xa0e src/rtc.o
 .debug_line    0x000000000000b6e1      0xa36 src/stm32f1xx_it.o
 .debug_line    0x000000000000c117      0xa21 src/system_stm32f1xx.o
 .debug_line    0x000000000000cb38       0x7c startup/startup_stm32.o

.debug_str      0x0000000000000000    0x9b958
 .debug_str     0x0000000000000000    0x80fe6 HAL_Driver/Src/stm32f1xx_hal.o
                                      0x81428 (size before relaxing)
 .debug_str     0x0000000000080fe6      0x635 HAL_Driver/Src/stm32f1xx_hal_adc.o
                                      0x81425 (size before relaxing)
 .debug_str     0x000000000008161b      0x2f8 HAL_Driver/Src/stm32f1xx_hal_cortex.o
                                      0x8143c (size before relaxing)
 .debug_str     0x0000000000081913      0x39e HAL_Driver/Src/stm32f1xx_hal_gpio.o
                                      0x81183 (size before relaxing)
 .debug_str     0x0000000000081cb1       0x51 HAL_Driver/Src/stm32f1xx_hal_msp_template.o
                                      0x80d9f (size before relaxing)
 .debug_str     0x0000000000081d02      0x507 HAL_Driver/Src/stm32f1xx_hal_pwr.o
                                      0x8132e (size before relaxing)
 .debug_str     0x0000000000082209      0x336 HAL_Driver/Src/stm32f1xx_hal_rcc.o
                                      0x811b1 (size before relaxing)
 .debug_str     0x000000000008253f      0x119 HAL_Driver/Src/stm32f1xx_hal_rcc_ex.o
                                      0x80f43 (size before relaxing)
 .debug_str     0x0000000000082658      0x488 HAL_Driver/Src/stm32f1xx_hal_rtc.o
                                      0x812c9 (size before relaxing)
 .debug_str     0x0000000000082ae0      0xe49 HAL_Driver/Src/stm32f1xx_hal_tim.o
                                      0x81e83 (size before relaxing)
 .debug_str     0x0000000000083929      0x4fc HAL_Driver/Src/stm32f1xx_hal_tim_ex.o
                                      0x81720 (size before relaxing)
 .debug_str     0x0000000000083e25      0x194 src/main.o
                                      0x81aa7 (size before relaxing)
 .debug_str     0x0000000000083fb9    0x178a2 src/pwm.o
                                      0x98b65 (size before relaxing)
 .debug_str     0x000000000009b85b       0x33 src/rtc.o
                                      0x81204 (size before relaxing)
 .debug_str     0x000000000009b88e       0x38 src/stm32f1xx_it.o
                                      0x80d6c (size before relaxing)
 .debug_str     0x000000000009b8c6       0x69 src/system_stm32f1xx.o
                                      0x80e40 (size before relaxing)
 .debug_str     0x000000000009b92f       0x29 startup/startup_stm32.o
                                         0x6f (size before relaxing)

.comment        0x0000000000000000       0x7f
 .comment       0x0000000000000000       0x7f HAL_Driver/Src/stm32f1xx_hal.o
                                         0x80 (size before relaxing)
 .comment       0x000000000000007f       0x80 HAL_Driver/Src/stm32f1xx_hal_adc.o
 .comment       0x000000000000007f       0x80 HAL_Driver/Src/stm32f1xx_hal_cortex.o
 .comment       0x000000000000007f       0x80 HAL_Driver/Src/stm32f1xx_hal_gpio.o
 .comment       0x000000000000007f       0x80 HAL_Driver/Src/stm32f1xx_hal_msp_template.o
 .comment       0x000000000000007f       0x80 HAL_Driver/Src/stm32f1xx_hal_pwr.o
 .comment       0x000000000000007f       0x80 HAL_Driver/Src/stm32f1xx_hal_rcc.o
 .comment       0x000000000000007f       0x80 HAL_Driver/Src/stm32f1xx_hal_rcc_ex.o
 .comment       0x000000000000007f       0x80 HAL_Driver/Src/stm32f1xx_hal_rtc.o
 .comment       0x000000000000007f       0x80 HAL_Driver/Src/stm32f1xx_hal_tim.o
 .comment       0x000000000000007f       0x80 HAL_Driver/Src/stm32f1xx_hal_tim_ex.o
 .comment       0x000000000000007f       0x80 src/main.o
 .comment       0x000000000000007f       0x80 src/pwm.o
 .comment       0x000000000000007f       0x80 src/rtc.o
 .comment       0x000000000000007f       0x80 src/stm32f1xx_it.o
 .comment       0x000000000000007f       0x80 src/system_stm32f1xx.o

.debug_frame    0x0000000000000000     0x3070
 .debug_frame   0x0000000000000000      0x2fc HAL_Driver/Src/stm32f1xx_hal.o
 .debug_frame   0x00000000000002fc      0x40c HAL_Driver/Src/stm32f1xx_hal_adc.o
 .debug_frame   0x0000000000000708      0x428 HAL_Driver/Src/stm32f1xx_hal_cortex.o
 .debug_frame   0x0000000000000b30      0x14c HAL_Driver/Src/stm32f1xx_hal_gpio.o
 .debug_frame   0x0000000000000c7c       0x90 HAL_Driver/Src/stm32f1xx_hal_msp_template.o
 .debug_frame   0x0000000000000d0c      0x270 HAL_Driver/Src/stm32f1xx_hal_pwr.o
 .debug_frame   0x0000000000000f7c      0x21c HAL_Driver/Src/stm32f1xx_hal_rcc.o
 .debug_frame   0x0000000000001198       0x84 HAL_Driver/Src/stm32f1xx_hal_rcc_ex.o
 .debug_frame   0x000000000000121c      0x434 HAL_Driver/Src/stm32f1xx_hal_rtc.o
 .debug_frame   0x0000000000001650      0xfb4 HAL_Driver/Src/stm32f1xx_hal_tim.o
 .debug_frame   0x0000000000002604      0x54c HAL_Driver/Src/stm32f1xx_hal_tim_ex.o
 .debug_frame   0x0000000000002b50      0x190 src/main.o
 .debug_frame   0x0000000000002ce0       0xa4 src/pwm.o
 .debug_frame   0x0000000000002d84       0x70 src/rtc.o
 .debug_frame   0x0000000000002df4       0x2c src/stm32f1xx_it.o
 .debug_frame   0x0000000000002e20       0x58 src/system_stm32f1xx.o
 .debug_frame   0x0000000000002e78       0x2c /Applications/Ac6/SystemWorkbench.app/Contents/Eclipse/plugins/fr.ac6.mcu.externaltools.arm-none.macos64_1.17.0.201812190825/tools/compiler/bin/../lib/gcc/arm-none-eabi/7.3.1/../../../../arm-none-eabi/lib/thumb/v7-m/libc.a(lib_a-init.o)
 .debug_frame   0x0000000000002ea4       0x38 /Applications/Ac6/SystemWorkbench.app/Contents/Eclipse/plugins/fr.ac6.mcu.externaltools.arm-none.macos64_1.17.0.201812190825/tools/compiler/bin/../lib/gcc/arm-none-eabi/7.3.1/../../../../arm-none-eabi/lib/thumb/v7-m/libc.a(lib_a-memset.o)
 .debug_frame   0x0000000000002edc       0x5c /Applications/Ac6/SystemWorkbench.app/Contents/Eclipse/plugins/fr.ac6.mcu.externaltools.arm-none.macos64_1.17.0.201812190825/tools/compiler/bin/../lib/gcc/arm-none-eabi/7.3.1/../../../../arm-none-eabi/lib/thumb/v7-m/libc.a(lib_a-__call_atexit.o)
 .debug_frame   0x0000000000002f38       0x20 /Applications/Ac6/SystemWorkbench.app/Contents/Eclipse/plugins/fr.ac6.mcu.externaltools.arm-none.macos64_1.17.0.201812190825/tools/compiler/bin/../lib/gcc/arm-none-eabi/7.3.1/../../../../arm-none-eabi/lib/thumb/v7-m/libc.a(lib_a-atexit.o)
 .debug_frame   0x0000000000002f58       0x34 /Applications/Ac6/SystemWorkbench.app/Contents/Eclipse/plugins/fr.ac6.mcu.externaltools.arm-none.macos64_1.17.0.201812190825/tools/compiler/bin/../lib/gcc/arm-none-eabi/7.3.1/../../../../arm-none-eabi/lib/thumb/v7-m/libc.a(lib_a-fini.o)
 .debug_frame   0x0000000000002f8c       0xb0 /Applications/Ac6/SystemWorkbench.app/Contents/Eclipse/plugins/fr.ac6.mcu.externaltools.arm-none.macos64_1.17.0.201812190825/tools/compiler/bin/../lib/gcc/arm-none-eabi/7.3.1/../../../../arm-none-eabi/lib/thumb/v7-m/libc.a(lib_a-lock.o)
 .debug_frame   0x000000000000303c       0x34 /Applications/Ac6/SystemWorkbench.app/Contents/Eclipse/plugins/fr.ac6.mcu.externaltools.arm-none.macos64_1.17.0.201812190825/tools/compiler/bin/../lib/gcc/arm-none-eabi/7.3.1/../../../../arm-none-eabi/lib/thumb/v7-m/libc.a(lib_a-__atexit.o)
